// Vitest Snapshot v1, https://vitest.dev/guide/snapshot.html

exports[`renders successfuly 1`] = `
<div>
  <div
    class="mt-3 px-5 text-right text-gray-600"
  >
    <button
      title="About"
      type="button"
    >
      <svg
        class="h-6 w-6"
        fill="none"
        stroke="currentColor"
        stroke-width="1.5"
        viewBox="0 0 24 24"
        xmlns="http://www.w3.org/2000/svg"
      >
        <path
          d="M11.25 11.25l.041-.02a.75.75 0 011.063.852l-.708 2.836a.75.75 0 001.063.853l.041-.021M21 12a9 9 0 11-18 0 9 9 0 0118 0zm-9-3.75h.008v.008H12V8.25z"
          stroke-linecap="round"
          stroke-linejoin="round"
        />
      </svg>
    </button>
  </div>
</div>
`;
