// Vitest Snapshot v1, https://vitest.dev/guide/snapshot.html

exports[`renders successfuly 1`] = `
<div>
  <div
    class="flex items-center"
  >
    <input
      class="h-4 w-4 cursor-pointer border-gray-300 text-blue-600 focus:ring-blue-600"
      id="option-Apple"
      name="fruit"
      type="radio"
      value="Apple"
    />
    <label
      class="text-md block cursor-pointer pl-2 text-xs leading-6 text-gray-700 dark:text-gray-100"
      for="option-Apple"
    >
      Apple
    </label>
  </div>
  <div
    class="flex items-center"
  >
    <input
      class="h-4 w-4 cursor-pointer border-gray-300 text-blue-600 focus:ring-blue-600"
      id="option-Banana"
      name="fruit"
      type="radio"
      value="Banana"
    />
    <label
      class="text-md block cursor-pointer pl-2 text-xs leading-6 text-gray-700 dark:text-gray-100"
      for="option-Banana"
    >
      Banana
    </label>
  </div>
  <div
    class="flex items-center"
  >
    <input
      class="h-4 w-4 cursor-pointer border-gray-300 text-blue-600 focus:ring-blue-600"
      id="option-Orange"
      name="fruit"
      type="radio"
      value="Orange"
    />
    <label
      class="text-md block cursor-pointer pl-2 text-xs leading-6 text-gray-700 dark:text-gray-100"
      for="option-Orange"
    >
      Orange
    </label>
  </div>
</div>
`;
