// Vitest Snapshot v1, https://vitest.dev/guide/snapshot.html

exports[`renders successfuly 1`] = `
<div>
  <div
    class="flex items-center"
  >
    <input
      class="h-4 w-4 cursor-pointer border-gray-300 text-blue-600 focus:ring-blue-600"
      id="option-undefined-undefined"
      type="radio"
      value=""
    />
    <label
      class="text-md block cursor-pointer pl-2 text-xs leading-6 text-gray-700 dark:text-gray-100"
      for="option-undefined-undefined"
    >
      Option
    </label>
  </div>
</div>
`;
