// Vitest Snapshot v1, https://vitest.dev/guide/snapshot.html

exports[`renders successfuly 1`] = `
<div>
  <div
    class="absolute  w-full rounded-md  bg-white py-2 shadow-md dark:bg-slate-800 sm:w-80  right-0 top-full rounded-tr-none z-10"
  >
    <div
      class="px-5 py-2"
    >
      <div
        class="grid grid-cols-6 items-end"
      >
        <div
          class="col-span-4"
        >
          <label
            class="text-sm font-medium text-gray-800 dark:text-white"
            for="guide"
          >
            Guide Breath
          </label>
          <p
            class="text-xs text-gray-500 dark:text-gray-400"
          >
            Select your favorite guide
          </p>
        </div>
        <div
          class="col-span-2 text-right"
        >
          <div
            class="relative inline-flex cursor-pointer items-center"
          >
            <input
              checked=""
              class="peer sr-only"
              id="guide"
              type="checkbox"
            />
            <button
              class="peer h-6 w-11 rounded-full bg-gray-200 after:absolute after:top-[2px] after:left-[2px] after:h-5 after:w-5 after:rounded-full after:border after:border-gray-300 after:bg-white after:transition-all after:content-[''] peer-checked:bg-blue-600 peer-checked:after:translate-x-full peer-checked:after:border-white peer-focus:outline-none peer-focus:ring-4 peer-focus:ring-blue-300 dark:border-gray-600 dark:bg-gray-700 dark:peer-focus:ring-blue-800"
              title="Switch"
            />
          </div>
        </div>
      </div>
      <div
        class="mt-1"
      >
        <div
          class="flex items-center"
        >
          <input
            checked=""
            class="h-4 w-4 cursor-pointer border-gray-300 text-blue-600 focus:ring-blue-600"
            id="option-guide-female"
            name="guide"
            type="radio"
            value="female"
          />
          <label
            class="text-md block cursor-pointer pl-2 text-xs leading-6 text-gray-700 dark:text-gray-100"
            for="option-guide-female"
          >
            Female voice
          </label>
        </div>
        <div
          class="flex items-center"
        >
          <input
            class="h-4 w-4 cursor-pointer border-gray-300 text-blue-600 focus:ring-blue-600"
            id="option-guide-male"
            name="guide"
            type="radio"
            value="male"
          />
          <label
            class="text-md block cursor-pointer pl-2 text-xs leading-6 text-gray-700 dark:text-gray-100"
            for="option-guide-male"
          >
            Male voice
          </label>
        </div>
        <div
          class="flex items-center"
        >
          <input
            class="h-4 w-4 cursor-pointer border-gray-300 text-blue-600 focus:ring-blue-600"
            id="option-guide-bell"
            name="guide"
            type="radio"
            value="bell"
          />
          <label
            class="text-md block cursor-pointer pl-2 text-xs leading-6 text-gray-700 dark:text-gray-100"
            for="option-guide-bell"
          >
            Bell
          </label>
        </div>
      </div>
    </div>
    <div
      class="px-5 py-2"
    >
      <div
        class="grid grid-cols-6 items-end"
      >
        <div
          class="col-span-4"
        >
          <label
            class="text-sm font-medium text-gray-800 dark:text-white"
            for="theme"
          >
            Theme
          </label>
        </div>
        <div
          class="col-span-2 text-right"
        />
      </div>
      <div
        class="mt-1"
      >
        <div
          class="flex"
        >
          <label
            class="cursor-pointer border  py-1 px-2 text-xs first:rounded-tl-md first:rounded-bl-md first:border-r-0 last:rounded-tr-md last:rounded-br-md last:border-l-0 hover:border-blue-600 hover:bg-blue-600 hover:text-white border-blue-600 bg-blue-600 text-white"
          >
            <input
              checked=""
              class="sr-only"
              name="theme"
              type="radio"
              value="system"
            />
            System
          </label>
          <label
            class="cursor-pointer border  py-1 px-2 text-xs first:rounded-tl-md first:rounded-bl-md first:border-r-0 last:rounded-tr-md last:rounded-br-md last:border-l-0 hover:border-blue-600 hover:bg-blue-600 hover:text-white border-gray-300 bg-gray-50"
          >
            <input
              class="sr-only"
              name="theme"
              type="radio"
              value="dark"
            />
            Dark
          </label>
          <label
            class="cursor-pointer border  py-1 px-2 text-xs first:rounded-tl-md first:rounded-bl-md first:border-r-0 last:rounded-tr-md last:rounded-br-md last:border-l-0 hover:border-blue-600 hover:bg-blue-600 hover:text-white border-gray-300 bg-gray-50"
          >
            <input
              class="sr-only"
              name="theme"
              type="radio"
              value="light"
            />
            Light
          </label>
        </div>
      </div>
    </div>
    <div
      class="px-5 py-2"
    >
      <div
        class="grid grid-cols-6 items-end"
      >
        <div
          class="col-span-4"
        >
          <label
            class="text-sm font-medium text-gray-800 dark:text-white"
            for="locale"
          >
            Language
          </label>
        </div>
        <div
          class="col-span-2 text-right"
        />
      </div>
      <div
        class="mt-1"
      >
        <select
          class="w-full cursor-pointer rounded-md border-gray-300 text-sm dark:text-gray-700"
          id="locale"
        >
          <option
            value="en"
          >
            English
          </option>
          <option
            value="pt"
          >
            Português
          </option>
        </select>
      </div>
    </div>
    <div
      class="mt-3 px-5 text-right text-gray-600"
    >
      <button
        title="About"
        type="button"
      >
        <svg
          class="h-6 w-6"
          fill="none"
          stroke="currentColor"
          stroke-width="1.5"
          viewBox="0 0 24 24"
          xmlns="http://www.w3.org/2000/svg"
        >
          <path
            d="M11.25 11.25l.041-.02a.75.75 0 011.063.852l-.708 2.836a.75.75 0 001.063.853l.041-.021M21 12a9 9 0 11-18 0 9 9 0 0118 0zm-9-3.75h.008v.008H12V8.25z"
            stroke-linecap="round"
            stroke-linejoin="round"
          />
        </svg>
      </button>
    </div>
  </div>
</div>
`;
